FROM alpine:3.7
ADD dir="./ctx" "entrypoint.sh" "/entrypoint.sh" 0:0
ADD dir="./ctx" "entrypoint.sh" "*.conf" "/" root:root
ADD dir="./ctx" "http://example.org/index.html" "/var/www/html/" 0:0