FROM alpine:3.7
AUTHOR "Max Goltzsche <max.goltzsche@gmail.com>"