FROM alpine:3.7
VOLUME "/var/app"
VOLUME "/var/app" "/data/dir"