FROM alpine:3.7
CMD "/entrypoint.sh" "-x"
CMD "/bin/sh" "-c" "/entrypoint.sh -x"