FROM alpine:3.7
ENTRYPOINT "/entrypoint.sh" "-x"
ENTRYPOINT "/bin/sh" "-c" "/entrypoint.sh -x"