FROM alpine:3.7
RUN "/bin/echo" "hello from container"
RUN "/bin/echo" "hello from container"
RUN "/bin/sh" "-c" "echo \"hello world\" > /etc/hello"
RUN "/bin/sh" "-c" "echo \"special characters & whitespaces\" > '/Ã¤h so'"